INSERT INTO "test_keyspace"."twenty_rows_composite_table" ("a", "b", "c") VALUES ('A', '1', '1');
INSERT INTO "test_keyspace"."twenty_rows_composite_table" ("a", "b", "c") VALUES ('A', '10', '10');
INSERT INTO "test_keyspace"."twenty_rows_composite_table" ("a", "b", "c") VALUES ('A', '11', '11');
INSERT INTO "test_keyspace"."twenty_rows_composite_table" ("a", "b", "c") VALUES ('A', '12', '12');
INSERT INTO "test_keyspace"."twenty_rows_composite_table" ("a", "b", "c") VALUES ('A', '13', '13');
INSERT INTO "test_keyspace"."twenty_rows_composite_table" ("a", "b", "c") VALUES ('A', '14', '14');
INSERT INTO "test_keyspace"."twenty_rows_composite_table" ("a", "b", "c") VALUES ('A', '15', '15');
INSERT INTO "test_keyspace"."twenty_rows_composite_table" ("a", "b", "c") VALUES ('A', '16', '16');
INSERT INTO "test_keyspace"."twenty_rows_composite_table" ("a", "b", "c") VALUES ('A', '17', '17');
INSERT INTO "test_keyspace"."twenty_rows_composite_table" ("a", "b", "c") VALUES ('A', '18', '18');
INSERT INTO "test_keyspace"."twenty_rows_composite_table" ("a", "b", "c") VALUES ('A', '19', '19');
INSERT INTO "test_keyspace"."twenty_rows_composite_table" ("a", "b", "c") VALUES ('A', '2', '2');
INSERT INTO "test_keyspace"."twenty_rows_composite_table" ("a", "b", "c") VALUES ('A', '20', '20');
INSERT INTO "test_keyspace"."twenty_rows_composite_table" ("a", "b", "c") VALUES ('A', '3', '3');
INSERT INTO "test_keyspace"."twenty_rows_composite_table" ("a", "b", "c") VALUES ('A', '4', '4');
INSERT INTO "test_keyspace"."twenty_rows_composite_table" ("a", "b", "c") VALUES ('A', '5', '5');
INSERT INTO "test_keyspace"."twenty_rows_composite_table" ("a", "b", "c") VALUES ('A', '6', '6');
INSERT INTO "test_keyspace"."twenty_rows_composite_table" ("a", "b", "c") VALUES ('A', '7', '7');
INSERT INTO "test_keyspace"."twenty_rows_composite_table" ("a", "b", "c") VALUES ('A', '8', '8');
INSERT INTO "test_keyspace"."twenty_rows_composite_table" ("a", "b", "c") VALUES ('A', '9', '9');
